From 1 Insert AI{0,1,2}
From 1 DeleteVal AI{0,1,2}
From 1 Insert AI{0,2,2}
